

================================================================
== Vivado HLS Report for 'compute'
================================================================
* Date:           Tue Mar 16 14:38:27 2021

* Version:        2020.1 (Build 2897737 on Wed May 27 20:21:37 MDT 2020)
* Project:        kernel_gemm_buffering.prj
* Solution:       solution1
* Product family: virtexuplus
* Target device:  xcu200-fsgd2104-2-e


================================================================
== Performance Estimates
================================================================
+ Timing: 
    * Summary: 
    +--------+---------+----------+------------+
    |  Clock |  Target | Estimated| Uncertainty|
    +--------+---------+----------+------------+
    |ap_clk  | 3.33 ns | 2.601 ns |   0.42 ns  |
    +--------+---------+----------+------------+

+ Latency: 
    * Summary: 
    +---------+---------+----------+----------+-----+-----+---------+
    |  Latency (cycles) |  Latency (absolute) |  Interval | Pipeline|
    |   min   |   max   |    min   |    max   | min | max |   Type  |
    +---------+---------+----------+----------+-----+-----+---------+
    |        1|      275| 3.330 ns | 0.916 us |    1|  275|   none  |
    +---------+---------+----------+----------+-----+-----+---------+

    + Detail: 
        * Instance: 
        N/A

        * Loop: 
        +-----------------------+---------+---------+----------+-----------+-----------+------+----------+
        |                       |  Latency (cycles) | Iteration|  Initiation Interval  | Trip |          |
        |       Loop Name       |   min   |   max   |  Latency |  achieved |   target  | Count| Pipelined|
        +-----------------------+---------+---------+----------+-----------+-----------+------+----------+
        |- COMPUTE_K_COMPUTE_I  |      273|      273|        19|          1|          1|   256|    yes   |
        +-----------------------+---------+---------+----------+-----------+-----------+------+----------+



================================================================
== Utilization Estimates
================================================================
* Summary: 
+---------------------+---------+-------+---------+---------+-----+
|         Name        | BRAM_18K| DSP48E|    FF   |   LUT   | URAM|
+---------------------+---------+-------+---------+---------+-----+
|DSP                  |        -|      -|        -|        -|    -|
|Expression           |        -|      -|        0|     5476|    -|
|FIFO                 |        -|      -|        -|        -|    -|
|Instance             |        -|     83|     7519|     4494|    -|
|Memory               |        -|      -|        -|        -|    -|
|Multiplexer          |        -|      -|        -|       75|    -|
|Register             |        0|      -|     2880|       96|    -|
+---------------------+---------+-------+---------+---------+-----+
|Total                |        0|     83|    10399|    10141|    0|
+---------------------+---------+-------+---------+---------+-----+
|Available SLR        |     1440|   2280|   788160|   394080|  320|
+---------------------+---------+-------+---------+---------+-----+
|Utilization SLR (%)  |        0|      3|        1|        2|    0|
+---------------------+---------+-------+---------+---------+-----+
|Available            |     4320|   6840|  2364480|  1182240|  960|
+---------------------+---------+-------+---------+---------+-----+
|Utilization (%)      |        0|      1|    ~0   |    ~0   |    0|
+---------------------+---------+-------+---------+---------+-----+

+ Detail: 
    * Instance: 
    +--------------------------+----------------------+---------+-------+-----+-----+-----+
    |         Instance         |        Module        | BRAM_18K| DSP48E|  FF | LUT | URAM|
    +--------------------------+----------------------+---------+-------+-----+-----+-----+
    |kernel_gemm_fadd_bkb_U10  |kernel_gemm_fadd_bkb  |        0|      2|  318|  198|    0|
    |kernel_gemm_fadd_bkb_U11  |kernel_gemm_fadd_bkb  |        0|      2|  318|  198|    0|
    |kernel_gemm_fadd_bkb_U12  |kernel_gemm_fadd_bkb  |        0|      2|  318|  198|    0|
    |kernel_gemm_fadd_bkb_U13  |kernel_gemm_fadd_bkb  |        0|      2|  318|  198|    0|
    |kernel_gemm_fadd_bkb_U14  |kernel_gemm_fadd_bkb  |        0|      2|  318|  198|    0|
    |kernel_gemm_fadd_bkb_U15  |kernel_gemm_fadd_bkb  |        0|      2|  318|  198|    0|
    |kernel_gemm_fadd_bkb_U16  |kernel_gemm_fadd_bkb  |        0|      2|  318|  198|    0|
    |kernel_gemm_fadd_bkb_U17  |kernel_gemm_fadd_bkb  |        0|      2|  318|  198|    0|
    |kernel_gemm_fadd_bkb_U18  |kernel_gemm_fadd_bkb  |        0|      2|  318|  198|    0|
    |kernel_gemm_fadd_bkb_U19  |kernel_gemm_fadd_bkb  |        0|      2|  318|  198|    0|
    |kernel_gemm_fadd_bkb_U20  |kernel_gemm_fadd_bkb  |        0|      2|  318|  198|    0|
    |kernel_gemm_fadd_bkb_U21  |kernel_gemm_fadd_bkb  |        0|      2|  318|  198|    0|
    |kernel_gemm_fadd_bkb_U22  |kernel_gemm_fadd_bkb  |        0|      2|  318|  198|    0|
    |kernel_gemm_fadd_bkb_U23  |kernel_gemm_fadd_bkb  |        0|      2|  318|  198|    0|
    |kernel_gemm_fadd_bkb_U24  |kernel_gemm_fadd_bkb  |        0|      2|  318|  198|    0|
    |kernel_gemm_fadd_bkb_U25  |kernel_gemm_fadd_bkb  |        0|      2|  318|  198|    0|
    |kernel_gemm_fmul_cud_U26  |kernel_gemm_fmul_cud  |        0|      3|  143|   78|    0|
    |kernel_gemm_fmul_cud_U27  |kernel_gemm_fmul_cud  |        0|      3|  143|   78|    0|
    |kernel_gemm_fmul_cud_U28  |kernel_gemm_fmul_cud  |        0|      3|  143|   78|    0|
    |kernel_gemm_fmul_cud_U29  |kernel_gemm_fmul_cud  |        0|      3|  143|   78|    0|
    |kernel_gemm_fmul_cud_U30  |kernel_gemm_fmul_cud  |        0|      3|  143|   78|    0|
    |kernel_gemm_fmul_cud_U31  |kernel_gemm_fmul_cud  |        0|      3|  143|   78|    0|
    |kernel_gemm_fmul_cud_U32  |kernel_gemm_fmul_cud  |        0|      3|  143|   78|    0|
    |kernel_gemm_fmul_cud_U33  |kernel_gemm_fmul_cud  |        0|      3|  143|   78|    0|
    |kernel_gemm_fmul_cud_U34  |kernel_gemm_fmul_cud  |        0|      3|  143|   78|    0|
    |kernel_gemm_fmul_cud_U35  |kernel_gemm_fmul_cud  |        0|      3|  143|   78|    0|
    |kernel_gemm_fmul_cud_U36  |kernel_gemm_fmul_cud  |        0|      3|  143|   78|    0|
    |kernel_gemm_fmul_cud_U37  |kernel_gemm_fmul_cud  |        0|      3|  143|   78|    0|
    |kernel_gemm_fmul_cud_U38  |kernel_gemm_fmul_cud  |        0|      3|  143|   78|    0|
    |kernel_gemm_fmul_cud_U39  |kernel_gemm_fmul_cud  |        0|      3|  143|   78|    0|
    |kernel_gemm_fmul_cud_U40  |kernel_gemm_fmul_cud  |        0|      3|  143|   78|    0|
    |kernel_gemm_fmul_cud_U41  |kernel_gemm_fmul_cud  |        0|      3|  143|   78|    0|
    |kernel_gemm_fmul_cud_U42  |kernel_gemm_fmul_cud  |        0|      3|  143|   78|    0|
    +--------------------------+----------------------+---------+-------+-----+-----+-----+
    |Total                     |                      |        0|     83| 7519| 4494|    0|
    +--------------------------+----------------------+---------+-------+-----+-----+-----+

    * DSP48E: 
    N/A

    * Memory: 
    N/A

    * FIFO: 
    N/A

    * Expression: 
    +-------------------------------------+----------+-------+---+------+------------+------------+
    |            Variable Name            | Operation| DSP48E| FF|  LUT | Bitwidth P0| Bitwidth P1|
    +-------------------------------------+----------+-------+---+------+------------+------------+
    |add_ln28_1_fu_369_p2                 |     +    |      0|  0|    15|           1|           5|
    |add_ln28_fu_349_p2                   |     +    |      0|  0|    16|           9|           1|
    |ii_fu_393_p2                         |     +    |      0|  0|    15|           1|           5|
    |sub_ln681_1_fu_448_p2                |     -    |      0|  0|    17|          10|          10|
    |sub_ln681_2_fu_478_p2                |     -    |      0|  0|    17|           9|          10|
    |sub_ln681_fu_436_p2                  |     -    |      0|  0|    17|          10|          10|
    |and_ln681_fu_503_p2                  |    and   |      0|  0|   511|         512|         512|
    |ap_block_pp0                         |    and   |      0|  0|     2|           1|           1|
    |ap_enable_state11_pp0_iter9_stage0   |    and   |      0|  0|     2|           1|           1|
    |ap_enable_state12_pp0_iter10_stage0  |    and   |      0|  0|     2|           1|           1|
    |ap_enable_state20_pp0_iter18_stage0  |    and   |      0|  0|     2|           1|           1|
    |icmp_ln28_fu_343_p2                  |   icmp   |      0|  0|    13|           9|          10|
    |icmp_ln29_fu_355_p2                  |   icmp   |      0|  0|    11|           5|           6|
    |icmp_ln681_fu_412_p2                 |   icmp   |      0|  0|    13|           9|           9|
    |lshr_ln681_1_fu_497_p2               |   lshr   |      0|  0|  2171|           2|         512|
    |lshr_ln681_fu_488_p2                 |   lshr   |      0|  0|  2171|         512|         512|
    |or_ln33_fu_406_p2                    |    or    |      0|  0|     9|           9|           5|
    |select_ln33_1_fu_375_p3              |  select  |      0|  0|     5|           1|           5|
    |select_ln33_fu_361_p3                |  select  |      0|  0|     5|           1|           1|
    |select_ln681_1_fu_462_p3             |  select  |      0|  0|   428|           1|         512|
    |select_ln681_2_fu_470_p3             |  select  |      0|  0|    10|           1|          10|
    |select_ln681_fu_454_p3               |  select  |      0|  0|    10|           1|          10|
    |ap_enable_pp0                        |    xor   |      0|  0|     2|           1|           2|
    |ap_enable_reg_pp0_iter1              |    xor   |      0|  0|     2|           2|           1|
    |xor_ln681_fu_442_p2                  |    xor   |      0|  0|    10|          10|           9|
    +-------------------------------------+----------+-------+---+------+------------+------------+
    |Total                                |          |      0|  0|  5476|        1120|        2161|
    +-------------------------------------+----------+-------+---+------+------------+------------+

    * Multiplexer: 
    +-------------------------------+----+-----------+-----+-----------+
    |              Name             | LUT| Input Size| Bits| Total Bits|
    +-------------------------------+----+-----------+-----+-----------+
    |ap_NS_fsm                      |  21|          4|    1|          4|
    |ap_enable_reg_pp0_iter1        |   9|          2|    1|          2|
    |ap_enable_reg_pp0_iter18       |   9|          2|    1|          2|
    |ap_phi_mux_kk_0_phi_fu_193_p4  |   9|          2|    5|         10|
    |ii_0_reg_200                   |   9|          2|    5|         10|
    |indvar_flatten_reg_178         |   9|          2|    9|         18|
    |kk_0_reg_189                   |   9|          2|    5|         10|
    +-------------------------------+----+-----------+-----+-----------+
    |Total                          |  75|         16|   27|         56|
    +-------------------------------+----+-----------+-----+-----------+

    * Register: 
    +--------------------------+-----+----+-----+-----------+
    |           Name           |  FF | LUT| Bits| Const Bits|
    +--------------------------+-----+----+-----+-----------+
    |ap_CS_fsm                 |    3|   0|    3|          0|
    |ap_enable_reg_pp0_iter0   |    1|   0|    1|          0|
    |ap_enable_reg_pp0_iter1   |    1|   0|    1|          0|
    |ap_enable_reg_pp0_iter10  |    1|   0|    1|          0|
    |ap_enable_reg_pp0_iter11  |    1|   0|    1|          0|
    |ap_enable_reg_pp0_iter12  |    1|   0|    1|          0|
    |ap_enable_reg_pp0_iter13  |    1|   0|    1|          0|
    |ap_enable_reg_pp0_iter14  |    1|   0|    1|          0|
    |ap_enable_reg_pp0_iter15  |    1|   0|    1|          0|
    |ap_enable_reg_pp0_iter16  |    1|   0|    1|          0|
    |ap_enable_reg_pp0_iter17  |    1|   0|    1|          0|
    |ap_enable_reg_pp0_iter18  |    1|   0|    1|          0|
    |ap_enable_reg_pp0_iter2   |    1|   0|    1|          0|
    |ap_enable_reg_pp0_iter3   |    1|   0|    1|          0|
    |ap_enable_reg_pp0_iter4   |    1|   0|    1|          0|
    |ap_enable_reg_pp0_iter5   |    1|   0|    1|          0|
    |ap_enable_reg_pp0_iter6   |    1|   0|    1|          0|
    |ap_enable_reg_pp0_iter7   |    1|   0|    1|          0|
    |ap_enable_reg_pp0_iter8   |    1|   0|    1|          0|
    |ap_enable_reg_pp0_iter9   |    1|   0|    1|          0|
    |icmp_ln28_reg_1050        |    1|   0|    1|          0|
    |ii_0_reg_200              |    5|   0|    5|          0|
    |indvar_flatten_reg_178    |    9|   0|    9|          0|
    |kk_0_reg_189              |    5|   0|    5|          0|
    |local_C_V_addr_reg_1075   |    4|   0|    4|          0|
    |lshr_ln681_reg_1091       |  512|   0|  512|          0|
    |p_Result_2_10_reg_1186    |   32|   0|   32|          0|
    |p_Result_2_11_reg_1191    |   32|   0|   32|          0|
    |p_Result_2_12_reg_1196    |   32|   0|   32|          0|
    |p_Result_2_13_reg_1201    |   32|   0|   32|          0|
    |p_Result_2_14_reg_1206    |   32|   0|   32|          0|
    |p_Result_2_1_reg_1136     |   32|   0|   32|          0|
    |p_Result_2_2_reg_1141     |   32|   0|   32|          0|
    |p_Result_2_3_reg_1146     |   32|   0|   32|          0|
    |p_Result_2_4_reg_1151     |   32|   0|   32|          0|
    |p_Result_2_5_reg_1156     |   32|   0|   32|          0|
    |p_Result_2_6_reg_1161     |   32|   0|   32|          0|
    |p_Result_2_7_reg_1166     |   32|   0|   32|          0|
    |p_Result_2_8_reg_1171     |   32|   0|   32|          0|
    |p_Result_2_9_reg_1176     |   32|   0|   32|          0|
    |p_Result_2_s_reg_1181     |   32|   0|   32|          0|
    |p_Result_3_10_reg_1401    |   32|   0|   32|          0|
    |p_Result_3_11_reg_1411    |   32|   0|   32|          0|
    |p_Result_3_12_reg_1421    |   32|   0|   32|          0|
    |p_Result_3_13_reg_1431    |   32|   0|   32|          0|
    |p_Result_3_14_reg_1441    |   32|   0|   32|          0|
    |p_Result_3_1_reg_1301     |   32|   0|   32|          0|
    |p_Result_3_2_reg_1311     |   32|   0|   32|          0|
    |p_Result_3_3_reg_1321     |   32|   0|   32|          0|
    |p_Result_3_4_reg_1331     |   32|   0|   32|          0|
    |p_Result_3_5_reg_1341     |   32|   0|   32|          0|
    |p_Result_3_6_reg_1351     |   32|   0|   32|          0|
    |p_Result_3_7_reg_1361     |   32|   0|   32|          0|
    |p_Result_3_8_reg_1371     |   32|   0|   32|          0|
    |p_Result_3_9_reg_1381     |   32|   0|   32|          0|
    |p_Result_3_s_reg_1391     |   32|   0|   32|          0|
    |select_ln33_1_reg_1059    |    5|   0|    5|          0|
    |sub_ln681_2_reg_1086      |    9|   0|   10|          1|
    |tmp_2_reg_1116            |   32|   0|   32|          0|
    |tmp_3_10_reg_1406         |   32|   0|   32|          0|
    |tmp_3_11_reg_1416         |   32|   0|   32|          0|
    |tmp_3_12_reg_1426         |   32|   0|   32|          0|
    |tmp_3_13_reg_1436         |   32|   0|   32|          0|
    |tmp_3_14_reg_1446         |   32|   0|   32|          0|
    |tmp_3_1_reg_1306          |   32|   0|   32|          0|
    |tmp_3_2_reg_1316          |   32|   0|   32|          0|
    |tmp_3_3_reg_1326          |   32|   0|   32|          0|
    |tmp_3_4_reg_1336          |   32|   0|   32|          0|
    |tmp_3_5_reg_1346          |   32|   0|   32|          0|
    |tmp_3_6_reg_1356          |   32|   0|   32|          0|
    |tmp_3_7_reg_1366          |   32|   0|   32|          0|
    |tmp_3_8_reg_1376          |   32|   0|   32|          0|
    |tmp_3_9_reg_1386          |   32|   0|   32|          0|
    |tmp_3_s_reg_1396          |   32|   0|   32|          0|
    |tmp_4_10_reg_1586         |   32|   0|   32|          0|
    |tmp_4_11_reg_1591         |   32|   0|   32|          0|
    |tmp_4_12_reg_1596         |   32|   0|   32|          0|
    |tmp_4_13_reg_1601         |   32|   0|   32|          0|
    |tmp_4_14_reg_1606         |   32|   0|   32|          0|
    |tmp_4_1_reg_1536          |   32|   0|   32|          0|
    |tmp_4_2_reg_1541          |   32|   0|   32|          0|
    |tmp_4_3_reg_1546          |   32|   0|   32|          0|
    |tmp_4_4_reg_1551          |   32|   0|   32|          0|
    |tmp_4_5_reg_1556          |   32|   0|   32|          0|
    |tmp_4_6_reg_1561          |   32|   0|   32|          0|
    |tmp_4_7_reg_1566          |   32|   0|   32|          0|
    |tmp_4_8_reg_1571          |   32|   0|   32|          0|
    |tmp_4_9_reg_1576          |   32|   0|   32|          0|
    |tmp_4_reg_1531            |   32|   0|   32|          0|
    |tmp_4_s_reg_1581          |   32|   0|   32|          0|
    |tmp_s_reg_1296            |   32|   0|   32|          0|
    |trunc_ln33_reg_1065       |    4|   0|    4|          0|
    |trunc_ln34_reg_1096       |   32|   0|   32|          0|
    |trunc_ln681_1_reg_1291    |   32|   0|   32|          0|
    |trunc_ln681_reg_1111      |   32|   0|   32|          0|
    |icmp_ln28_reg_1050        |   64|  32|    1|          0|
    |local_C_V_addr_reg_1075   |   64|  32|    4|          0|
    |select_ln33_1_reg_1059    |   64|  32|    5|          0|
    +--------------------------+-----+----+-----+-----------+
    |Total                     | 2880|  96| 2699|          1|
    +--------------------------+-----+----+-----+-----------+



================================================================
== Interface
================================================================
* Summary: 
+----------------------+-----+-----+------------+--------------+--------------+
|       RTL Ports      | Dir | Bits|  Protocol  | Source Object|    C Type    |
+----------------------+-----+-----+------------+--------------+--------------+
|ap_clk                |  in |    1| ap_ctrl_hs |    compute   | return value |
|ap_rst                |  in |    1| ap_ctrl_hs |    compute   | return value |
|ap_start              |  in |    1| ap_ctrl_hs |    compute   | return value |
|ap_done               | out |    1| ap_ctrl_hs |    compute   | return value |
|ap_idle               | out |    1| ap_ctrl_hs |    compute   | return value |
|ap_ready              | out |    1| ap_ctrl_hs |    compute   | return value |
|flag                  |  in |    1|   ap_none  |     flag     |    scalar    |
|local_A_0_V_address0  | out |    4|  ap_memory |  local_A_0_V |     array    |
|local_A_0_V_ce0       | out |    1|  ap_memory |  local_A_0_V |     array    |
|local_A_0_V_q0        |  in |  512|  ap_memory |  local_A_0_V |     array    |
|local_B_V_address0    | out |    4|  ap_memory |   local_B_V  |     array    |
|local_B_V_ce0         | out |    1|  ap_memory |   local_B_V  |     array    |
|local_B_V_q0          |  in |  512|  ap_memory |   local_B_V  |     array    |
|local_C_V_address0    | out |    4|  ap_memory |   local_C_V  |     array    |
|local_C_V_ce0         | out |    1|  ap_memory |   local_C_V  |     array    |
|local_C_V_q0          |  in |  512|  ap_memory |   local_C_V  |     array    |
|local_C_V_address1    | out |    4|  ap_memory |   local_C_V  |     array    |
|local_C_V_ce1         | out |    1|  ap_memory |   local_C_V  |     array    |
|local_C_V_we1         | out |    1|  ap_memory |   local_C_V  |     array    |
|local_C_V_d1          | out |  512|  ap_memory |   local_C_V  |     array    |
|alpha                 |  in |   32|   ap_none  |     alpha    |    scalar    |
+----------------------+-----+-----+------------+--------------+--------------+

