

================================================================
== Vivado HLS Report for 'load'
================================================================
* Date:           Tue Mar 16 14:38:27 2021

* Version:        2020.1 (Build 2897737 on Wed May 27 20:21:37 MDT 2020)
* Project:        kernel_gemm_buffering.prj
* Solution:       solution1
* Product family: virtexuplus
* Target device:  xcu200-fsgd2104-2-e


================================================================
== Performance Estimates
================================================================
+ Timing: 
    * Summary: 
    +--------+---------+----------+------------+
    |  Clock |  Target | Estimated| Uncertainty|
    +--------+---------+----------+------------+
    |ap_clk  | 3.33 ns | 2.914 ns |   0.42 ns  |
    +--------+---------+----------+------------+

+ Latency: 
    * Summary: 
    +---------+---------+----------+----------+-----+-----+---------+
    |  Latency (cycles) |  Latency (absolute) |  Interval | Pipeline|
    |   min   |   max   |    min   |    max   | min | max |   Type  |
    +---------+---------+----------+----------+-----+-----+---------+
    |        1|      322| 3.330 ns | 1.072 us |    1|  322|   none  |
    +---------+---------+----------+----------+-----+-----+---------+

    + Detail: 
        * Instance: 
        N/A

        * Loop: 
        +---------------+---------+---------+----------+-----------+-----------+------+----------+
        |               |  Latency (cycles) | Iteration|  Initiation Interval  | Trip |          |
        |   Loop Name   |   min   |   max   |  Latency |  achieved |   target  | Count| Pipelined|
        +---------------+---------+---------+----------+-----------+-----------+------+----------+
        |- LOAD_A_LOOP  |      160|      160|        10|          -|          -|    16|    no    |
        |- LOAD_B_LOOP  |      160|      160|        10|          -|          -|    16|    no    |
        +---------------+---------+---------+----------+-----------+-----------+------+----------+



================================================================
== Utilization Estimates
================================================================
* Summary: 
+---------------------+---------+-------+---------+---------+-----+
|         Name        | BRAM_18K| DSP48E|    FF   |   LUT   | URAM|
+---------------------+---------+-------+---------+---------+-----+
|DSP                  |        -|      -|        -|        -|    -|
|Expression           |        -|      -|        0|      182|    -|
|FIFO                 |        -|      -|        -|        -|    -|
|Instance             |        -|      -|        -|        -|    -|
|Memory               |        -|      -|        -|        -|    -|
|Multiplexer          |        -|      -|        -|      156|    -|
|Register             |        -|      -|     1177|        -|    -|
+---------------------+---------+-------+---------+---------+-----+
|Total                |        0|      0|     1177|      338|    0|
+---------------------+---------+-------+---------+---------+-----+
|Available SLR        |     1440|   2280|   788160|   394080|  320|
+---------------------+---------+-------+---------+---------+-----+
|Utilization SLR (%)  |        0|      0|    ~0   |    ~0   |    0|
+---------------------+---------+-------+---------+---------+-----+
|Available            |     4320|   6840|  2364480|  1182240|  960|
+---------------------+---------+-------+---------+---------+-----+
|Utilization (%)      |        0|      0|    ~0   |    ~0   |    0|
+---------------------+---------+-------+---------+---------+-----+

+ Detail: 
    * Instance: 
    N/A

    * DSP48E: 
    N/A

    * Memory: 
    N/A

    * FIFO: 
    N/A

    * Expression: 
    +-----------------------+----------+-------+---+----+------------+------------+
    |     Variable Name     | Operation| DSP48E| FF| LUT| Bitwidth P0| Bitwidth P1|
    +-----------------------+----------+-------+---+----+------------+------------+
    |add_ln10_1_fu_229_p2   |     +    |      0|  0|  16|           9|           9|
    |add_ln10_fu_216_p2     |     +    |      0|  0|  15|           7|           7|
    |add_ln17_1_fu_303_p2   |     +    |      0|  0|  16|           9|           9|
    |add_ln17_fu_290_p2     |     +    |      0|  0|  15|           7|           7|
    |add_ln180_1_fu_312_p2  |     +    |      0|  0|  34|          27|          27|
    |add_ln180_fu_238_p2    |     +    |      0|  0|  34|          27|          27|
    |ii_fu_206_p2           |     +    |      0|  0|  15|           5|           1|
    |kk_fu_280_p2           |     +    |      0|  0|  15|           5|           1|
    |icmp_ln14_fu_274_p2    |   icmp   |      0|  0|  11|           5|           6|
    |icmp_ln7_fu_200_p2     |   icmp   |      0|  0|  11|           5|           6|
    +-----------------------+----------+-------+---+----+------------+------------+
    |Total                  |          |      0|  0| 182|         106|         100|
    +-----------------------+----------+-------+---+----+------------+------------+

    * Multiplexer: 
    +------------------+-----+-----------+-----+-----------+
    |       Name       | LUT | Input Size| Bits| Total Bits|
    +------------------+-----+-----------+-----+-----------+
    |A_V_blk_n_AR      |    9|          2|    1|          2|
    |A_V_blk_n_R       |    9|          2|    1|          2|
    |ap_NS_fsm         |  105|         22|    1|         22|
    |ii1_0_reg_158     |    9|          2|    5|         10|
    |kk3_0_reg_170     |    9|          2|    5|         10|
    |m_axi_A_V_ARADDR  |   15|          3|   32|         96|
    +------------------+-----+-----------+-----+-----------+
    |Total             |  156|         33|   45|        142|
    +------------------+-----+-----------+-----+-----------+

    * Register: 
    +-------------------------+-----+----+-----+-----------+
    |           Name          |  FF | LUT| Bits| Const Bits|
    +-------------------------+-----+----+-----+-----------+
    |B_V_addr_1_read_reg_419  |  512|   0|  512|          0|
    |B_V_addr_read_reg_395    |  512|   0|  512|          0|
    |add_ln180_1_reg_408      |   27|   0|   27|          0|
    |add_ln180_reg_374        |   27|   0|   27|          0|
    |ap_CS_fsm                |   21|   0|   21|          0|
    |ii1_0_reg_158            |    5|   0|    5|          0|
    |ii_reg_369               |    5|   0|    5|          0|
    |kk3_0_reg_170            |    5|   0|    5|          0|
    |kk_reg_403               |    5|   0|    5|          0|
    |zext_ln10_1_reg_356      |    3|   0|    9|          6|
    |zext_ln14_reg_384        |   26|   0|   27|          1|
    |zext_ln17_1_reg_379      |    3|   0|    9|          6|
    |zext_ln7_reg_361         |   26|   0|   27|          1|
    +-------------------------+-----+----+-----+-----------+
    |Total                    | 1177|   0| 1191|         14|
    +-------------------------+-----+----+-----+-----------+



================================================================
== Interface
================================================================
* Summary: 
+----------------------+-----+-----+------------+--------------+--------------+
|       RTL Ports      | Dir | Bits|  Protocol  | Source Object|    C Type    |
+----------------------+-----+-----+------------+--------------+--------------+
|ap_clk                |  in |    1| ap_ctrl_hs |     load     | return value |
|ap_rst                |  in |    1| ap_ctrl_hs |     load     | return value |
|ap_start              |  in |    1| ap_ctrl_hs |     load     | return value |
|ap_done               | out |    1| ap_ctrl_hs |     load     | return value |
|ap_idle               | out |    1| ap_ctrl_hs |     load     | return value |
|ap_ready              | out |    1| ap_ctrl_hs |     load     | return value |
|flag                  |  in |    1|   ap_none  |     flag     |    scalar    |
|i                     |  in |    7|   ap_none  |       i      |    scalar    |
|j                     |  in |    7|   ap_none  |       j      |    scalar    |
|k                     |  in |    7|   ap_none  |       k      |    scalar    |
|local_A_0_V_address0  | out |    4|  ap_memory |  local_A_0_V |     array    |
|local_A_0_V_ce0       | out |    1|  ap_memory |  local_A_0_V |     array    |
|local_A_0_V_we0       | out |    1|  ap_memory |  local_A_0_V |     array    |
|local_A_0_V_d0        | out |  512|  ap_memory |  local_A_0_V |     array    |
|local_B_V_address0    | out |    4|  ap_memory |   local_B_V  |     array    |
|local_B_V_ce0         | out |    1|  ap_memory |   local_B_V  |     array    |
|local_B_V_we0         | out |    1|  ap_memory |   local_B_V  |     array    |
|local_B_V_d0          | out |  512|  ap_memory |   local_B_V  |     array    |
|m_axi_A_V_AWVALID     | out |    1|    m_axi   |      A_V     |    pointer   |
|m_axi_A_V_AWREADY     |  in |    1|    m_axi   |      A_V     |    pointer   |
|m_axi_A_V_AWADDR      | out |   32|    m_axi   |      A_V     |    pointer   |
|m_axi_A_V_AWID        | out |    1|    m_axi   |      A_V     |    pointer   |
|m_axi_A_V_AWLEN       | out |   32|    m_axi   |      A_V     |    pointer   |
|m_axi_A_V_AWSIZE      | out |    3|    m_axi   |      A_V     |    pointer   |
|m_axi_A_V_AWBURST     | out |    2|    m_axi   |      A_V     |    pointer   |
|m_axi_A_V_AWLOCK      | out |    2|    m_axi   |      A_V     |    pointer   |
|m_axi_A_V_AWCACHE     | out |    4|    m_axi   |      A_V     |    pointer   |
|m_axi_A_V_AWPROT      | out |    3|    m_axi   |      A_V     |    pointer   |
|m_axi_A_V_AWQOS       | out |    4|    m_axi   |      A_V     |    pointer   |
|m_axi_A_V_AWREGION    | out |    4|    m_axi   |      A_V     |    pointer   |
|m_axi_A_V_AWUSER      | out |    1|    m_axi   |      A_V     |    pointer   |
|m_axi_A_V_WVALID      | out |    1|    m_axi   |      A_V     |    pointer   |
|m_axi_A_V_WREADY      |  in |    1|    m_axi   |      A_V     |    pointer   |
|m_axi_A_V_WDATA       | out |  512|    m_axi   |      A_V     |    pointer   |
|m_axi_A_V_WSTRB       | out |   64|    m_axi   |      A_V     |    pointer   |
|m_axi_A_V_WLAST       | out |    1|    m_axi   |      A_V     |    pointer   |
|m_axi_A_V_WID         | out |    1|    m_axi   |      A_V     |    pointer   |
|m_axi_A_V_WUSER       | out |    1|    m_axi   |      A_V     |    pointer   |
|m_axi_A_V_ARVALID     | out |    1|    m_axi   |      A_V     |    pointer   |
|m_axi_A_V_ARREADY     |  in |    1|    m_axi   |      A_V     |    pointer   |
|m_axi_A_V_ARADDR      | out |   32|    m_axi   |      A_V     |    pointer   |
|m_axi_A_V_ARID        | out |    1|    m_axi   |      A_V     |    pointer   |
|m_axi_A_V_ARLEN       | out |   32|    m_axi   |      A_V     |    pointer   |
|m_axi_A_V_ARSIZE      | out |    3|    m_axi   |      A_V     |    pointer   |
|m_axi_A_V_ARBURST     | out |    2|    m_axi   |      A_V     |    pointer   |
|m_axi_A_V_ARLOCK      | out |    2|    m_axi   |      A_V     |    pointer   |
|m_axi_A_V_ARCACHE     | out |    4|    m_axi   |      A_V     |    pointer   |
|m_axi_A_V_ARPROT      | out |    3|    m_axi   |      A_V     |    pointer   |
|m_axi_A_V_ARQOS       | out |    4|    m_axi   |      A_V     |    pointer   |
|m_axi_A_V_ARREGION    | out |    4|    m_axi   |      A_V     |    pointer   |
|m_axi_A_V_ARUSER      | out |    1|    m_axi   |      A_V     |    pointer   |
|m_axi_A_V_RVALID      |  in |    1|    m_axi   |      A_V     |    pointer   |
|m_axi_A_V_RREADY      | out |    1|    m_axi   |      A_V     |    pointer   |
|m_axi_A_V_RDATA       |  in |  512|    m_axi   |      A_V     |    pointer   |
|m_axi_A_V_RLAST       |  in |    1|    m_axi   |      A_V     |    pointer   |
|m_axi_A_V_RID         |  in |    1|    m_axi   |      A_V     |    pointer   |
|m_axi_A_V_RUSER       |  in |    1|    m_axi   |      A_V     |    pointer   |
|m_axi_A_V_RRESP       |  in |    2|    m_axi   |      A_V     |    pointer   |
|m_axi_A_V_BVALID      |  in |    1|    m_axi   |      A_V     |    pointer   |
|m_axi_A_V_BREADY      | out |    1|    m_axi   |      A_V     |    pointer   |
|m_axi_A_V_BRESP       |  in |    2|    m_axi   |      A_V     |    pointer   |
|m_axi_A_V_BID         |  in |    1|    m_axi   |      A_V     |    pointer   |
|m_axi_A_V_BUSER       |  in |    1|    m_axi   |      A_V     |    pointer   |
|A_V_offset            |  in |   26|   ap_none  |  A_V_offset  |    scalar    |
|B_V_offset            |  in |   26|   ap_none  |  B_V_offset  |    scalar    |
+----------------------+-----+-----+------------+--------------+--------------+

